bash: line 1: .venv/bin/python: No such file or directory
